keywords_data/google_ads/keywords_for_keywords/live	0.075
dataforseo_labs/google/keyword_suggestions/live	0.02
dataforseo_labs/google/keyword_suggestions/live	0.02
dataforseo_labs/google/keyword_suggestions/live	0.02
dataforseo_labs/google/keyword_suggestions/live	0.02
dataforseo_labs/google/keyword_suggestions/live	0.02
dataforseo_labs/google/keyword_suggestions/live	0.02
dataforseo_labs/google/keyword_suggestions/live	0.02
dataforseo_labs/google/keyword_suggestions/live	0.02
dataforseo_labs/google/keyword_suggestions/live	0.02
dataforseo_labs/google/keyword_suggestions/live	0.02
dataforseo_labs/google/keyword_suggestions/live	0.02
dataforseo_labs/google/keyword_suggestions/live	0.02
dataforseo_labs/google/related_keywords/live	0.0156
dataforseo_labs/google/related_keywords/live	0.0132
dataforseo_labs/google/related_keywords/live	0.0154
dataforseo_labs/google/related_keywords/live	0.0123
dataforseo_labs/google/related_keywords/live	0.0135
dataforseo_labs/google/related_keywords/live	0.0156
dataforseo_labs/google/related_keywords/live	0.0148
dataforseo_labs/google/related_keywords/live	0.0115
dataforseo_labs/google/related_keywords/live	0.013
dataforseo_labs/google/related_keywords/live	0.0154
dataforseo_labs/google/related_keywords/live	0.0156
dataforseo_labs/google/related_keywords/live	0.0132
dataforseo_labs/google/keyword_ideas/live	0.04
